?   	Qingyu_backend	[no test files]
?   	Qingyu_backend/api/v1/admin	[no test files]
?   	Qingyu_backend/api/v1/ai	[no test files]
?   	Qingyu_backend/api/v1/bookstore	[no test files]
?   	Qingyu_backend/api/v1/reader	[no test files]
?   	Qingyu_backend/api/v1/recommendation	[no test files]
?   	Qingyu_backend/api/v1/shared	[no test files]
?   	Qingyu_backend/api/v1/system	[no test files]
?   	Qingyu_backend/api/v1/user	[no test files]
?   	Qingyu_backend/api/v1/writer	[no test files]
?   	Qingyu_backend/cmd/init_test_data	[no test files]
?   	Qingyu_backend/cmd/server	[no test files]
?   	Qingyu_backend/cmd/test_quota_in_service	[no test files]
ok  	Qingyu_backend/config	2.707s
[Config] Test config not found, using default config search
Warning: Config file not found: Config File "config" Not Found in "[E:\\Github\\Qingyu\\Qingyu_backend\\core E:\\Github\\Qingyu\\Qingyu_backend\\core\\config E:\\Github\\Qingyu\\config]"
InitDB: MongoDB鍒濆鍖栧凡杩佺Щ鍒癝erviceContainer
--- FAIL: TestMongoDBConnection (0.00s)
    db_test.go:28: MongoDB client is nil
FAIL
FAIL	Qingyu_backend/core	0.408s
?   	Qingyu_backend/docs	[no test files]
?   	Qingyu_backend/global	[no test files]
ok  	Qingyu_backend/middleware	0.422s
?   	Qingyu_backend/migration	[no test files]
?   	Qingyu_backend/migration/examples	[no test files]
?   	Qingyu_backend/migration/seeds	[no test files]
?   	Qingyu_backend/models/ai	[no test files]
?   	Qingyu_backend/models/audit	[no test files]
?   	Qingyu_backend/models/bookstore	[no test files]
?   	Qingyu_backend/models/reader	[no test files]
?   	Qingyu_backend/models/recommendation	[no test files]
?   	Qingyu_backend/models/shared	[no test files]
?   	Qingyu_backend/models/shared/admin	[no test files]
?   	Qingyu_backend/models/shared/auth	[no test files]
?   	Qingyu_backend/models/shared/messaging	[no test files]
?   	Qingyu_backend/models/shared/recommendation	[no test files]
?   	Qingyu_backend/models/shared/storage	[no test files]
?   	Qingyu_backend/models/shared/wallet	[no test files]
?   	Qingyu_backend/models/stats	[no test files]
?   	Qingyu_backend/models/users	[no test files]
?   	Qingyu_backend/models/writer	[no test files]
?   	Qingyu_backend/pkg/audit	[no test files]
ok  	Qingyu_backend/pkg/cache	1.618s
?   	Qingyu_backend/pkg/errors	[no test files]
?   	Qingyu_backend/pkg/grpc	[no test files]
?   	Qingyu_backend/pkg/grpc/pb	[no test files]
?   	Qingyu_backend/pkg/metrics	[no test files]
ok  	Qingyu_backend/pkg/response	0.319s
ok  	Qingyu_backend/pkg/validator	1.442s
?   	Qingyu_backend/repository/interfaces	[no test files]
?   	Qingyu_backend/repository/interfaces/ai	[no test files]
?   	Qingyu_backend/repository/interfaces/audit	[no test files]
?   	Qingyu_backend/repository/interfaces/bookstore	[no test files]
?   	Qingyu_backend/repository/interfaces/infrastructure	[no test files]
?   	Qingyu_backend/repository/interfaces/reading	[no test files]
?   	Qingyu_backend/repository/interfaces/recommendation	[no test files]
?   	Qingyu_backend/repository/interfaces/shared	[no test files]
?   	Qingyu_backend/repository/interfaces/shared/mocks	[no test files]
?   	Qingyu_backend/repository/interfaces/stats	[no test files]
?   	Qingyu_backend/repository/interfaces/user	[no test files]
?   	Qingyu_backend/repository/interfaces/writing	[no test files]
?   	Qingyu_backend/repository/mongodb	[no test files]
?   	Qingyu_backend/repository/mongodb/ai	[no test files]
?   	Qingyu_backend/repository/mongodb/bookstore	[no test files]
?   	Qingyu_backend/repository/mongodb/reading	[no test files]
?   	Qingyu_backend/repository/mongodb/recommendation	[no test files]
?   	Qingyu_backend/repository/mongodb/shared	[no test files]
?   	Qingyu_backend/repository/mongodb/stats	[no test files]
?   	Qingyu_backend/repository/mongodb/user	[no test files]
?   	Qingyu_backend/repository/mongodb/writing	[no test files]
?   	Qingyu_backend/repository/querybuilder	[no test files]
?   	Qingyu_backend/router	[no test files]
?   	Qingyu_backend/router/admin	[no test files]
?   	Qingyu_backend/router/ai	[no test files]
?   	Qingyu_backend/router/bookstore	[no test files]
?   	Qingyu_backend/router/project	[no test files]
?   	Qingyu_backend/router/reader	[no test files]
?   	Qingyu_backend/router/recommendation	[no test files]
?   	Qingyu_backend/router/shared	[no test files]
?   	Qingyu_backend/router/system	[no test files]
?   	Qingyu_backend/router/user	[no test files]
?   	Qingyu_backend/router/writer	[no test files]
?   	Qingyu_backend/scripts	[no test files]
?   	Qingyu_backend/scripts/testing	[no test files]
?   	Qingyu_backend/service	[no test files]
ok  	Qingyu_backend/service/ai	0.671s
ok  	Qingyu_backend/service/ai/adapter	2.782s
?   	Qingyu_backend/service/ai/dto	[no test files]
?   	Qingyu_backend/service/audit	[no test files]
?   	Qingyu_backend/service/base	[no test files]
?   	Qingyu_backend/service/bookstore	[no test files]
?   	Qingyu_backend/service/container	[no test files]
?   	Qingyu_backend/service/document	[no test files]
?   	Qingyu_backend/service/events	[no test files]
?   	Qingyu_backend/service/interfaces	[no test files]
?   	Qingyu_backend/service/interfaces/ai	[no test files]
?   	Qingyu_backend/service/interfaces/audit	[no test files]
?   	Qingyu_backend/service/interfaces/base	[no test files]
?   	Qingyu_backend/service/interfaces/user	[no test files]
?   	Qingyu_backend/service/project	[no test files]
?   	Qingyu_backend/service/reading	[no test files]
?   	Qingyu_backend/service/reading/stats	[no test files]
?   	Qingyu_backend/service/recommendation	[no test files]
?   	Qingyu_backend/service/shared	[no test files]
ok  	Qingyu_backend/service/shared/admin	1.108s
ok  	Qingyu_backend/service/shared/auth	1.478s
ok  	Qingyu_backend/service/shared/messaging	3.934s
?   	Qingyu_backend/service/shared/metrics	[no test files]
ok  	Qingyu_backend/service/shared/recommendation	0.361s
?   	Qingyu_backend/service/shared/search	[no test files]
?   	Qingyu_backend/service/shared/stats	[no test files]
ok  	Qingyu_backend/service/shared/storage	3.520s
ok  	Qingyu_backend/service/shared/wallet	3.753s
ok  	Qingyu_backend/service/user	1.206s
?   	Qingyu_backend/service/user/mocks	[no test files]
?   	Qingyu_backend/service/writer	[no test files]
ok  	Qingyu_backend/test	1.176s
--- FAIL: TestProjectApi_CreateProject (0.00s)
    --- FAIL: TestProjectApi_CreateProject/鎴愬姛鍒涘缓椤圭洰 (0.00s)
        project_api_test.go:136: 
            	Error Trace:	E:/Github/Qingyu/Qingyu_backend/test/api/project_api_test.go:136
            	Error:      	Not equal: 
            	            	expected: 201
            	            	actual  : 500
            	Test:       	TestProjectApi_CreateProject/鎴愬姛鍒涘缓椤圭洰
        project_api_test.go:72: 
            	Error Trace:	E:/Github/Qingyu/Qingyu_backend/test/api/project_api_test.go:72
            	            				E:/Github/Qingyu/Qingyu_backend/test/api/project_api_test.go:142
            	Error:      	Not equal: 
            	            	expected: 201
            	            	actual  : 500
            	Test:       	TestProjectApi_CreateProject/鎴愬姛鍒涘缓椤圭洰
        project_api_test.go:73: 
            	Error Trace:	E:/Github/Qingyu/Qingyu_backend/test/api/project_api_test.go:73
            	            				E:/Github/Qingyu/Qingyu_backend/test/api/project_api_test.go:142
            	Error:      	Not equal: 
            	            	expected: "鍒涘缓鎴愬姛"
            	            	actual  : "鍒涘缓澶辫触"
            	            	
            	            	Diff:
            	            	--- Expected
            	            	+++ Actual
            	            	@@ -1 +1 @@
            	            	-鍒涘缓鎴愬姛
            	            	+鍒涘缓澶辫触
            	Test:       	TestProjectApi_CreateProject/鎴愬姛鍒涘缓椤圭洰
panic: interface conversion: interface {} is nil, not map[string]interface {} [recovered, repanicked]

goroutine 135 [running]:
testing.tRunner.func1.2({0x7ff6bcf0bae0, 0xc000240870})
	C:/Program Files/Go/src/testing/testing.go:1872 +0x239
testing.tRunner.func1()
	C:/Program Files/Go/src/testing/testing.go:1875 +0x35b
panic({0x7ff6bcf0bae0?, 0xc000240870?})
	C:/Program Files/Go/src/runtime/panic.go:783 +0x132
Qingyu_backend/test/api.TestProjectApi_CreateProject.func2(0xc00016da40, 0xc000240690)
	E:/Github/Qingyu/Qingyu_backend/test/api/project_api_test.go:74 +0x18a
Qingyu_backend/test/api.TestProjectApi_CreateProject.func7(0xc00016da40)
	E:/Github/Qingyu/Qingyu_backend/test/api/project_api_test.go:142 +0x567
testing.tRunner(0xc00016da40, 0xc0002b0050)
	C:/Program Files/Go/src/testing/testing.go:1934 +0xc3
created by testing.(*T).Run in goroutine 134
	C:/Program Files/Go/src/testing/testing.go:1997 +0x44b
FAIL	Qingyu_backend/test/api	1.471s
?   	Qingyu_backend/test/examples	[no test files]
?   	Qingyu_backend/test/fixtures	[no test files]
[Config] Using test config: ../../config/config.test.yaml
[Config] Using test config: ../../config/config.test.yaml
InitDB: MongoDB鍒濆鍖栧凡杩佺Щ鍒癝erviceContainer
--- FAIL: TestCompleteReadingFlow (0.24s)
    --- FAIL: TestCompleteReadingFlow/浠庢鍗曡繘鍏ヤ功绫嶈鎯?(0.00s)
        reading_flow_integration_test.go:78: 
            	Error Trace:	E:/Github/Qingyu/Qingyu_backend/test/integration/reading_flow_integration_test.go:78
            	Error:      	Received unexpected error:
            	            	mongo: no documents in result
            	Test:       	TestCompleteReadingFlow/浠庢鍗曡繘鍏ヤ功绫嶈鎯?            	Messages:   	搴旇鑳借幏鍙栧埌涔︾睄璇︽儏
    --- FAIL: TestCompleteReadingFlow/鏌ョ湅闃呰鍘嗗彶 (0.00s)
        reading_flow_integration_test.go:197: 
            	Error Trace:	E:/Github/Qingyu/Qingyu_backend/test/integration/reading_flow_integration_test.go:197
            	Error:      	Received unexpected error:
            	            	mongo: no documents in result
            	Test:       	TestCompleteReadingFlow/鏌ョ湅闃呰鍘嗗彶
            	Messages:   	搴旇鑳借幏鍙栧埌闃呰杩涘害
    --- FAIL: TestCompleteReadingFlow/鏌ョ湅涔︾鍜岀瑪璁板垪琛?(0.00s)
        reading_flow_integration_test.go:219: 
            	Error Trace:	E:/Github/Qingyu/Qingyu_backend/test/integration/reading_flow_integration_test.go:219
            	Error:      	"[]" should have 1 item(s), but has 0
            	Test:       	TestCompleteReadingFlow/鏌ョ湅涔︾鍜岀瑪璁板垪琛?            	Messages:   	搴旇鏈?涓功绛?        reading_flow_integration_test.go:231: 
            	Error Trace:	E:/Github/Qingyu/Qingyu_backend/test/integration/reading_flow_integration_test.go:231
            	Error:      	"[]" should have 1 item(s), but has 0
            	Test:       	TestCompleteReadingFlow/鏌ョ湅涔︾鍜岀瑪璁板垪琛?            	Messages:   	搴旇鏈?鏉＄瑪璁?        reading_flow_integration_test.go:233: 鉁?鎴愬姛鑾峰彇涔︾鍒楄〃: 0 涓?        reading_flow_integration_test.go:234: 鉁?鎴愬姛鑾峰彇绗旇鍒楄〃: 0 鏉?    reading_flow_integration_test.go:237: 
        === 瀹屾暣闃呰娴佺▼娴嬭瘯閫氳繃 ===
    reading_flow_integration_test.go:238: 娴佺▼: 涔﹀煄姒滃崟 -> 涔︾睄璇︽儏 -> 绔犺妭鍒楄〃 -> 闃呰绔犺妭 -> 娣诲姞绗旇 -> 鏌ョ湅鍘嗗彶
[Config] Using test config: ../../config/config.test.yaml
InitDB: MongoDB鍒濆鍖栧凡杩佺Щ鍒癝erviceContainer
--- FAIL: TestBookstoreToReading (0.08s)
    --- FAIL: TestBookstoreToReading/涔﹀煄鍒嗙被娴忚 (0.00s)
        reading_flow_integration_test.go:409: 
            	Error Trace:	E:/Github/Qingyu/Qingyu_backend/test/integration/reading_flow_integration_test.go:409
            	Error:      	"0" is not greater than "0"
            	Test:       	TestBookstoreToReading/涔﹀煄鍒嗙被娴忚
            	Messages:   	搴旇鑳芥壘鍒扮巹骞荤被涔︾睄
        reading_flow_integration_test.go:410: 鉁?鎵惧埌 0 鏈巹骞荤被涔︾睄
    --- FAIL: TestBookstoreToReading/涔︾睄鎼滅储 (0.00s)
        reading_flow_integration_test.go:424: 
            	Error Trace:	E:/Github/Qingyu/Qingyu_backend/test/integration/reading_flow_integration_test.go:424
            	Error:      	"[]" should have 1 item(s), but has 0
            	Test:       	TestBookstoreToReading/涔︾睄鎼滅储
            	Messages:   	搴旇鎵惧埌1鏈功
panic: runtime error: index out of range [0] with length 0 [recovered, repanicked]

goroutine 2642 [running]:
testing.tRunner.func1.2({0x7ff7e63c70a0, 0xc00505cde0})
	C:/Program Files/Go/src/testing/testing.go:1872 +0x239
testing.tRunner.func1()
	C:/Program Files/Go/src/testing/testing.go:1875 +0x35b
panic({0x7ff7e63c70a0?, 0xc00505cde0?})
	C:/Program Files/Go/src/runtime/panic.go:783 +0x132
Qingyu_backend/test/integration.TestBookstoreToReading.func2(0xc005af0700)
	E:/Github/Qingyu/Qingyu_backend/test/integration/reading_flow_integration_test.go:425 +0x355
testing.tRunner(0xc005af0700, 0xc005ae8580)
	C:/Program Files/Go/src/testing/testing.go:1934 +0xc3
created by testing.(*T).Run in goroutine 2620
	C:/Program Files/Go/src/testing/testing.go:1997 +0x44b
FAIL	Qingyu_backend/test/integration	8.744s
ok  	Qingyu_backend/test/performance	0.376s
--- FAIL: TestCollectionFolderRepository (0.22s)
    test_helper.go:40: 鉁?娴嬭瘯鏁版嵁搴撳凡鍒涘缓: qingyu_test_1761828372
    --- FAIL: TestCollectionFolderRepository/DecrementFolderBookCount_Success (0.01s)
        collection_repository_test.go:356: 
            	Error Trace:	E:/Github/Qingyu/Qingyu_backend/test/repository/collection_repository_test.go:356
            	Error:      	Not equal: 
            	            	expected: 4
            	            	actual  : -1
            	Test:       	TestCollectionFolderRepository/DecrementFolderBookCount_Success
        collection_repository_test.go:358: 鉁?鍑忓皯鏀惰棌澶逛功绫嶈鏁版垚鍔?    test_helper.go:54: 鉁?娴嬭瘯鏁版嵁搴撳凡娓呯悊: qingyu_test_1761828372
--- FAIL: TestCommentRepositoryBoundary (0.32s)
    test_helper.go:40: 鉁?娴嬭瘯鏁版嵁搴撳凡鍒涘缓: qingyu_test_1761828373
    --- FAIL: TestCommentRepositoryBoundary/Pagination_WithLargePageSize (0.02s)
        comment_repository_comprehensive_test.go:377: 
            	Error Trace:	E:/Github/Qingyu/Qingyu_backend/test/repository/comment_repository_comprehensive_test.go:377
            	Error:      	Expected value not to be nil.
            	Test:       	TestCommentRepositoryBoundary/Pagination_WithLargePageSize
        comment_repository_comprehensive_test.go:378: 鉁?澶ч〉闈㈠ぇ灏忕殑鍒嗛〉鏌ヨ姝ｅ父澶勭悊
    test_helper.go:54: 鉁?娴嬭瘯鏁版嵁搴撳凡娓呯悊: qingyu_test_1761828373
--- FAIL: TestLikeRepositoryBoundary (0.34s)
    test_helper.go:40: 鉁?娴嬭瘯鏁版嵁搴撳凡鍒涘缓: qingyu_test_1761828376
    --- FAIL: TestLikeRepositoryBoundary/Pagination_WithLargeNumbers (0.02s)
        like_repository_comprehensive_test.go:291: 
            	Error Trace:	E:/Github/Qingyu/Qingyu_backend/test/repository/like_repository_comprehensive_test.go:291
            	Error:      	Expected value not to be nil.
            	Test:       	TestLikeRepositoryBoundary/Pagination_WithLargeNumbers
        like_repository_comprehensive_test.go:293: 鉁?澶у垎椤靛弬鏁版甯稿鐞?    test_helper.go:54: 鉁?娴嬭瘯鏁版嵁搴撳凡娓呯悊: qingyu_test_1761828376
--- FAIL: TestStorageRepository_List (0.06s)
    storage_repository_test.go:112: 
        	Error Trace:	E:/Github/Qingyu/Qingyu_backend/test/repository/storage_repository_test.go:112
        	Error:      	"[0xc0007922a0 0xc000792380 0xc000792460 0xc000792540 0xc000792620 0xc000792700 0xc0007927e0 0xc0007928c0 0xc0007929a0 0xc000792a80]" should have 5 item(s), but has 10
        	Test:       	TestStorageRepository_List
    storage_repository_test.go:113: 
        	Error Trace:	E:/Github/Qingyu/Qingyu_backend/test/repository/storage_repository_test.go:113
        	Error:      	Not equal: 
        	            	expected: 5
        	            	actual  : 40
        	Test:       	TestStorageRepository_List
FAIL
FAIL	Qingyu_backend/test/repository	8.746s
--- FAIL: TestRankingRepository_Create (0.31s)
panic: runtime error: invalid memory address or nil pointer dereference [recovered, repanicked]
[signal 0xc0000005 code=0x0 addr=0x40 pc=0x7ff7da3864eb]

goroutine 18 [running]:
testing.tRunner.func1.2({0x7ff7dafbad20, 0x7ff7dbe5d230})
	C:/Program Files/Go/src/testing/testing.go:1872 +0x239
testing.tRunner.func1()
	C:/Program Files/Go/src/testing/testing.go:1875 +0x35b
panic({0x7ff7dafbad20?, 0x7ff7dbe5d230?})
	C:/Program Files/Go/src/runtime/panic.go:783 +0x132
go.mongodb.org/mongo-driver/mongo.newDatabase(0x0, {0x7ff7db16d199, 0x6}, {0x0?, 0x7ff7dbee0c00?, 0x0?})
	C:/Users/yukin/go/pkg/mod/go.mongodb.org/mongo-driver@v1.17.4/mongo/database.go:49 +0xcb
go.mongodb.org/mongo-driver/mongo.(*Client).Database(...)
	C:/Users/yukin/go/pkg/mod/go.mongodb.org/mongo-driver@v1.17.4/mongo/client.go:659
Qingyu_backend/repository/mongodb/bookstore.NewMongoRankingRepository(0x0, {0x7ff7db16d199, 0x6})
	E:/Github/Qingyu/Qingyu_backend/repository/mongodb/bookstore/ranking_repository_mongo.go:29 +0x2d
Qingyu_backend/test/repository/bookstore.TestRankingRepository_Create(0xc000306a80)
	E:/Github/Qingyu/Qingyu_backend/test/repository/bookstore/ranking_repository_test.go:61 +0x4d
testing.tRunner(0xc000306a80, 0x7ff7db1d3a40)
	C:/Program Files/Go/src/testing/testing.go:1934 +0xc3
created by testing.(*T).Run in goroutine 1
	C:/Program Files/Go/src/testing/testing.go:1997 +0x44b
FAIL	Qingyu_backend/test/repository/bookstore	1.036s
--- FAIL: TestAnnotationRepository_BatchCreate (0.27s)
    annotation_repository_test.go:461: 
        	Error Trace:	E:/Github/Qingyu/Qingyu_backend/test/repository/reading/annotation_repository_test.go:461
        	Error:      	Not equal: 
        	            	expected: 3
        	            	actual  : 0
        	Test:       	TestAnnotationRepository_BatchCreate
--- FAIL: TestAnnotationRepository_DeleteByChapter (0.17s)
    annotation_repository_test.go:554: 
        	Error Trace:	E:/Github/Qingyu/Qingyu_backend/test/repository/reading/annotation_repository_test.go:554
        	Error:      	"[]" should have 1 item(s), but has 0
        	Test:       	TestAnnotationRepository_DeleteByChapter
--- FAIL: TestChapterRepository_GetByBookIDWithPagination (0.16s)
    --- FAIL: TestChapterRepository_GetByBookIDWithPagination/鍒嗛〉鑾峰彇绔犺妭 (0.14s)
        chapter_repository_test.go:228: 
            	Error Trace:	E:/Github/Qingyu/Qingyu_backend/test/repository/reading/chapter_repository_test.go:228
            	Error:      	"[0xc00048bce0 0xc00048bd90 0xc00048be40]" should have 5 item(s), but has 3
            	Test:       	TestChapterRepository_GetByBookIDWithPagination/鍒嗛〉鑾峰彇绔犺妭
        chapter_repository_test.go:229: 
            	Error Trace:	E:/Github/Qingyu/Qingyu_backend/test/repository/reading/chapter_repository_test.go:229
            	Error:      	Not equal: 
            	            	expected: 1
            	            	actual  : 8
            	Test:       	TestChapterRepository_GetByBookIDWithPagination/鍒嗛〉鑾峰彇绔犺妭
panic: runtime error: index out of range [4] with length 3 [recovered, repanicked]

goroutine 2448 [running]:
testing.tRunner.func1.2({0x7ff7f38a1bc0, 0xc000901068})
	C:/Program Files/Go/src/testing/testing.go:1872 +0x239
testing.tRunner.func1()
	C:/Program Files/Go/src/testing/testing.go:1875 +0x35b
panic({0x7ff7f38a1bc0?, 0xc000901068?})
	C:/Program Files/Go/src/runtime/panic.go:783 +0x132
Qingyu_backend/test/repository/reading.TestChapterRepository_GetByBookIDWithPagination.func1(0xc000a67340)
	E:/Github/Qingyu/Qingyu_backend/test/repository/reading/chapter_repository_test.go:230 +0x31d
testing.tRunner(0xc000a67340, 0xc0003ae120)
	C:/Program Files/Go/src/testing/testing.go:1934 +0xc3
created by testing.(*T).Run in goroutine 2664
	C:/Program Files/Go/src/testing/testing.go:1997 +0x44b
FAIL	Qingyu_backend/test/repository/reading	6.962s
--- FAIL: TestHotRecommendationRepository_GetHotBooksByCategory (0.54s)
    recommendation_hot_test.go:159: 
        	Error Trace:	E:/Github/Qingyu/Qingyu_backend/test/repository/recommendation/recommendation_hot_test.go:159
        	Error:      	Received unexpected error:
        	            	failed to get hot books by category: (QueryPlanKilled) Executor error during aggregate command on namespace: qingyu.books :: caused by :: collection dropped. UUID ae794b34-47e0-42b4-b8c3-30eb9554c326
        	Test:       	TestHotRecommendationRepository_GetHotBooksByCategory
FAIL
FAIL	Qingyu_backend/test/repository/recommendation	7.430s
ok  	Qingyu_backend/test/repository/shared	7.104s
--- FAIL: TestUserRepository_UpdatePassword (0.25s)
    --- FAIL: TestUserRepository_UpdatePassword/鎴愬姛鏇存柊瀵嗙爜 (0.18s)
panic: runtime error: invalid memory address or nil pointer dereference [recovered, repanicked]
[signal 0xc0000005 code=0x0 addr=0x40 pc=0x7ff61c9181c5]

goroutine 175 [running]:
testing.tRunner.func1.2({0x7ff61cb7bec0, 0x7ff61e306180})
	C:/Program Files/Go/src/testing/testing.go:1872 +0x239
testing.tRunner.func1()
	C:/Program Files/Go/src/testing/testing.go:1875 +0x35b
panic({0x7ff61cb7bec0?, 0x7ff61e306180?})
	C:/Program Files/Go/src/runtime/panic.go:783 +0x132
Qingyu_backend/test/repository/user.TestUserRepository_UpdatePassword.func1(0xc000f7a1c0)
	E:/Github/Qingyu/Qingyu_backend/test/repository/user/user_repository_test.go:336 +0x1a5
testing.tRunner(0xc000f7a1c0, 0xc001204450)
	C:/Program Files/Go/src/testing/testing.go:1934 +0xc3
created by testing.(*T).Run in goroutine 1029
	C:/Program Files/Go/src/testing/testing.go:1997 +0x44b
FAIL	Qingyu_backend/test/repository/user	4.805s
--- FAIL: TestDocumentContentRepository_Delete (0.27s)
    document_content_repository_test.go:122: 
        	Error Trace:	E:/Github/Qingyu/Qingyu_backend/test/repository/writing/document_content_repository_test.go:122
        	Error:      	Received unexpected error:
        	            	鏂囨。鍐呭涓嶅瓨鍦?        	Test:       	TestDocumentContentRepository_Delete
--- FAIL: TestProjectRepository_GetListByOwnerID (0.20s)
    project_repository_test.go:222: 
        	Error Trace:	E:/Github/Qingyu/Qingyu_backend/test/repository/writing/project_repository_test.go:222
        	Error:      	"[0xc000246500]" should have 3 item(s), but has 1
        	Test:       	TestProjectRepository_GetListByOwnerID
FAIL
FAIL	Qingyu_backend/test/repository/writing	6.967s
2025/10/30 20:46:13 [UserActivityLog] 鐢ㄦ埛娲诲姩: user.registered - 鐢ㄦ埛: testuser, 鍔ㄤ綔: registered, 鏃堕棿: 2025-10-30 20:46:13
2025/10/30 20:46:13 [UserActivityLog] 鐢ㄦ埛娲诲姩: user.registered - 鐢ㄦ埛: testuser, 鍔ㄤ綔: registered, 鏃堕棿: 2025-10-30 20:46:13
2025/10/30 20:46:13 [WelcomeEmailHandler] 鍙戦€佹杩庨偖浠剁粰鐢ㄦ埛: testuser (test@example.com)
2025/10/30 20:46:13 [UserActivityLog] 鐢ㄦ埛娲诲姩: user.registered - 鐢ㄦ埛: testuser, 鍔ㄤ綔: registered, 鏃堕棿: 2025-10-30 20:46:13
2025/10/30 20:46:13 [UserStatistics] 鏂扮敤鎴锋敞鍐? testuser, 鏇存柊鎬荤敤鎴锋暟
2025/10/30 20:46:13 [UserActivityLog] 鐢ㄦ埛娲诲姩: user.registered - 鐢ㄦ埛: testuser, 鍔ㄤ綔: registered, 鏃堕棿: 2025-10-30 20:46:13
2025/10/30 20:46:13 [UserActivityLog] 鐢ㄦ埛娲诲姩: user.logged_in - 鐢ㄦ埛: testuser, 鍔ㄤ綔: logged_in, 鏃堕棿: 2025-10-30 20:46:13
2025/10/30 20:46:13 [ReadingStatistics] 鐢ㄦ埛 user123 闃呰浜嗙珷鑺?chapter789
2025/10/30 20:46:13 [RecommendationUpdate] 鍩轰簬鐢ㄦ埛 user123 鐨勯槄璇昏涓烘洿鏂版帹鑽愬垪琛?2025/10/30 20:46:13 [ReadingStatistics] 鐢ㄦ埛 user123 鐨勯槄璇昏繘搴︽洿鏂颁负 75%
--- FAIL: TestEmailService_ErrorHandling (0.00s)
    --- FAIL: TestEmailService_ErrorHandling/SMTP閰嶇疆閿欒搴旇繑鍥為敊璇?(0.00s)
        messaging_service_integration_test.go:239: 
            	Error Trace:	E:/Github/Qingyu/Qingyu_backend/test/service/messaging_service_integration_test.go:239
            	Error:      	An error is expected but got nil.
            	Test:       	TestEmailService_ErrorHandling/SMTP閰嶇疆閿欒搴旇繑鍥為敊璇?FAIL
FAIL	Qingyu_backend/test/service	3.028s
ok  	Qingyu_backend/test/service/ai	12.537s
ok  	Qingyu_backend/test/service/audit	0.336s
ok  	Qingyu_backend/test/service/bookstore	0.546s
ok  	Qingyu_backend/test/service/collection	3.293s
--- FAIL: TestCommentServiceBusinessRules (0.03s)
    --- FAIL: TestCommentServiceBusinessRules/ContentLength_Maximum (0.00s)
        comment_service_comprehensive_test.go:55: 
            	Error Trace:	E:/Github/Qingyu/Qingyu_backend/test/service/comment/comment_service_comprehensive_test.go:55
            	Error:      	Received unexpected error:
            	            	璇勮鍐呭闀垮害蹇呴』鍦?0-500瀛椾箣闂?            	Test:       	TestCommentServiceBusinessRules/ContentLength_Maximum
        comment_service_comprehensive_test.go:56: 
            	Error Trace:	E:/Github/Qingyu/Qingyu_backend/test/service/comment/comment_service_comprehensive_test.go:56
            	Error:      	Expected value not to be nil.
            	Test:       	TestCommentServiceBusinessRules/ContentLength_Maximum
        comment_service_comprehensive_test.go:58: FAIL:	Create(context.backgroundCtx,mock.anythingOfTypeArgument)
            		at: [E:/Github/Qingyu/Qingyu_backend/test/service/comment/comment_service_comprehensive_test.go:52]
        comment_service_comprehensive_test.go:58: FAIL: 1 out of 2 expectation(s) were met.
            	The code you are testing needs to make 1 more call(s).
            	at: [E:/Github/Qingyu/Qingyu_backend/test/service/comment/comment_service_comprehensive_test.go:58]
        comment_service_comprehensive_test.go:59: FAIL:	GetEnabledWords(context.backgroundCtx)
            		at: [E:/Github/Qingyu/Qingyu_backend/test/service/comment/comment_service_comprehensive_test.go:51]
        comment_service_comprehensive_test.go:59: FAIL: 1 out of 2 expectation(s) were met.
            	The code you are testing needs to make 1 more call(s).
            	at: [E:/Github/Qingyu/Qingyu_backend/test/service/comment/comment_service_comprehensive_test.go:59]
        comment_service_comprehensive_test.go:61: 鉁?鏈€澶ч暱搴﹀唴瀹归獙璇侀€氳繃
    --- FAIL: TestCommentServiceBusinessRules/Rating_BoundaryValues (0.00s)
        comment_service_comprehensive_test.go:105: FAIL:	Create(context.backgroundCtx,mock.anythingOfTypeArgument)
            		at: [E:/Github/Qingyu/Qingyu_backend/test/service/comment/comment_service_comprehensive_test.go:92]
        comment_service_comprehensive_test.go:105: FAIL: 3 out of 4 expectation(s) were met.
            	The code you are testing needs to make 1 more call(s).
            	at: [E:/Github/Qingyu/Qingyu_backend/test/service/comment/comment_service_comprehensive_test.go:105]
        comment_service_comprehensive_test.go:106: FAIL:	GetEnabledWords(context.backgroundCtx)
            		at: [E:/Github/Qingyu/Qingyu_backend/test/service/comment/comment_service_comprehensive_test.go:91]
        comment_service_comprehensive_test.go:106: FAIL: 3 out of 4 expectation(s) were met.
            	The code you are testing needs to make 1 more call(s).
            	at: [E:/Github/Qingyu/Qingyu_backend/test/service/comment/comment_service_comprehensive_test.go:106]
        comment_service_comprehensive_test.go:108: 鉁?璇勫垎杈圭晫鍊奸獙璇侀€氳繃
--- FAIL: TestCommentServiceReplyChain (0.00s)
    --- FAIL: TestCommentServiceReplyChain/Reply_ToRootComment (0.00s)
        comment_service_comprehensive_test.go:214: 
            	Error Trace:	E:/Github/Qingyu/Qingyu_backend/test/service/comment/comment_service_comprehensive_test.go:214
            	Error:      	Not equal: 
            	            	expected: "69035e183b0c83a06088a01d"
            	            	actual  : "69035e183b0c83a06088a01f"
            	            	
            	            	Diff:
            	            	--- Expected
            	            	+++ Actual
            	            	@@ -1 +1 @@
            	            	-69035e183b0c83a06088a01d
            	            	+69035e183b0c83a06088a01f
            	Test:       	TestCommentServiceReplyChain/Reply_ToRootComment
        comment_service_comprehensive_test.go:219: 鉁?鍥炲鏍硅瘎璁烘垚鍔?    --- FAIL: TestCommentServiceReplyChain/Reply_ToDeletedComment (0.00s)
panic: 
	assert: mock: The method has been called over 1 times.
		Either do one more Mock.On("GetEnabledWords").Return(...), or remove extra call.
		This call was unexpected:
			GetEnabledWords(context.backgroundCtx)
			0: context.backgroundCtx{emptyCtx:context.emptyCtx{}}
		at: [E:/Github/Qingyu/Qingyu_backend/test/service/comment/comment_service_test.go:158 E:/Github/Qingyu/Qingyu_backend/service/reading/comment_service.go:430 E:/Github/Qingyu/Qingyu_backend/service/reading/comment_service.go:354 E:/Github/Qingyu/Qingyu_backend/service/reading/comment_service.go:160 E:/Github/Qingyu/Qingyu_backend/test/service/comment/comment_service_comprehensive_test.go:257] [recovered, repanicked]

goroutine 21 [running]:
testing.tRunner.func1.2({0x7ff72fcd4620, 0xc00020d1d0})
	C:/Program Files/Go/src/testing/testing.go:1872 +0x239
testing.tRunner.func1()
	C:/Program Files/Go/src/testing/testing.go:1875 +0x35b
panic({0x7ff72fcd4620?, 0xc00020d1d0?})
	C:/Program Files/Go/src/runtime/panic.go:783 +0x132
github.com/stretchr/testify/mock.(*Mock).fail(0xc0000ef220, {0x7ff72fd7adcf?, 0x8?}, {0xc00007dac0?, 0x1?, 0x1?})
	C:/Users/yukin/go/pkg/mod/github.com/stretchr/testify@v1.11.1/mock/mock.go:359 +0x125
github.com/stretchr/testify/mock.(*Mock).MethodCalled(0xc0000ef220, {0x7ff72fe5044f, 0xf}, {0xc00020d040, 0x1, 0x1})
	C:/Users/yukin/go/pkg/mod/github.com/stretchr/testify@v1.11.1/mock/mock.go:507 +0x2a6
github.com/stretchr/testify/mock.(*Mock).Called(0xc0000ef220, {0xc00020d040, 0x1, 0x1})
	C:/Users/yukin/go/pkg/mod/github.com/stretchr/testify@v1.11.1/mock/mock.go:491 +0x125
Qingyu_backend/test/service/comment.(*MockSensitiveWordRepository).GetEnabledWords(0xc0000ef220, {0x7ff72fded6e8, 0x7ff7300bcc60})
	E:/Github/Qingyu/Qingyu_backend/test/service/comment/comment_service_test.go:158 +0x8e
Qingyu_backend/service/reading.(*CommentService).checkSensitiveWords(0x7ff72fbb96dc?, {0x7ff72fded6e8?, 0x7ff7300bcc60?}, {0x7ff72fd6a409, 0x1e})
	E:/Github/Qingyu/Qingyu_backend/service/reading/comment_service.go:430 +0x5c
Qingyu_backend/service/reading.(*CommentService).AutoReviewComment(0xa0830c3b185e0369?, {0x7ff72fded6e8?, 0x7ff7300bcc60?}, 0xc000206048?)
	E:/Github/Qingyu/Qingyu_backend/service/reading/comment_service.go:354 +0x37
Qingyu_backend/service/reading.(*CommentService).ReplyComment(0xc0000ef270, {0x7ff72fded6e8, 0x7ff7300bcc60}, {0xc000206030, 0x18}, {0xc000206048, 0x18}, {0x7ff72fd6a409, 0x1e})
	E:/Github/Qingyu/Qingyu_backend/service/reading/comment_service.go:160 +0x37b
Qingyu_backend/test/service/comment.TestCommentServiceReplyChain.func3(0xc000200700)
	E:/Github/Qingyu/Qingyu_backend/test/service/comment/comment_service_comprehensive_test.go:257 +0x245
testing.tRunner(0xc000200700, 0xc0000ef450)
	C:/Program Files/Go/src/testing/testing.go:1934 +0xc3
created by testing.(*T).Run in goroutine 18
	C:/Program Files/Go/src/testing/testing.go:1997 +0x44b
FAIL	Qingyu_backend/test/service/comment	3.165s
ok  	Qingyu_backend/test/service/container	0.825s
--- FAIL: TestDocumentService_DeleteDocument_Success (0.00s)
panic: runtime error: invalid memory address or nil pointer dereference [recovered, repanicked]
[signal 0xc0000005 code=0x0 addr=0x90 pc=0x7ff6cfe491b3]

goroutine 23 [running]:
testing.tRunner.func1.2({0x7ff6cff08c00, 0x7ff6d05a5f40})
	C:/Program Files/Go/src/testing/testing.go:1872 +0x239
testing.tRunner.func1()
	C:/Program Files/Go/src/testing/testing.go:1875 +0x35b
panic({0x7ff6cff08c00?, 0x7ff6d05a5f40?})
	C:/Program Files/Go/src/runtime/panic.go:783 +0x132
Qingyu_backend/test/service/document_test.(*MockDocumentRepository).SoftDelete(0xc00012a570?, {0x7ff6d0117e50?, 0xc00012a570?}, {0xc000108c30?, 0x18?}, {0xc000108c48?, 0x7ff6cff79de0?})
	<autogenerated>:1 +0x33
Qingyu_backend/service/document.(*DocumentService).DeleteDocument(0xc00013a840, {0x7ff6d0117e50, 0xc00012a570}, {0xc000108c30, 0x18})
	E:/Github/Qingyu/Qingyu_backend/service/document/document_service.go:304 +0x5b8
Qingyu_backend/test/service/document_test.TestDocumentService_DeleteDocument_Success(0xc000106a80)
	E:/Github/Qingyu/Qingyu_backend/test/service/document/document_service_test.go:489 +0x94a
testing.tRunner(0xc000106a80, 0x7ff6cffe7210)
	C:/Program Files/Go/src/testing/testing.go:1934 +0xc3
created by testing.(*T).Run in goroutine 1
	C:/Program Files/Go/src/testing/testing.go:1997 +0x44b
FAIL	Qingyu_backend/test/service/document	0.928s
Warning: Failed to increment comment like count: increment failed
--- FAIL: TestLikeServiceCommentInteraction (0.00s)
    --- FAIL: TestLikeServiceCommentInteraction/LikeComment_IncrementFailed (0.00s)
panic: 
	assert: mock: The method has been called over 1 times.
		Either do one more Mock.On("GetLikeCount").Return(...), or remove extra call.
		This call was unexpected:
			GetLikeCount(context.backgroundCtx,string,string)
			0: context.backgroundCtx{emptyCtx:context.emptyCtx{}}
			1: "comment"
			2: "69035e1a5ecc19ac2d2df39d"
		at: [E:/Github/Qingyu/Qingyu_backend/test/service/like/like_service_test.go:170 E:/Github/Qingyu/Qingyu_backend/service/reading/like_service.go:341 E:/Github/Qingyu/Qingyu_backend/service/reading/like_service.go:194 E:/Github/Qingyu/Qingyu_backend/test/service/like/like_service_comprehensive_test.go:120] [recovered, repanicked]

goroutine 13 [running]:
testing.tRunner.func1.2({0x7ff66fbb3f60, 0xc0001c53c0})
	C:/Program Files/Go/src/testing/testing.go:1872 +0x239
testing.tRunner.func1()
	C:/Program Files/Go/src/testing/testing.go:1875 +0x35b
panic({0x7ff66fbb3f60?, 0xc0001c53c0?})
	C:/Program Files/Go/src/runtime/panic.go:783 +0x132
github.com/stretchr/testify/mock.(*Mock).fail(0xc000166a50, {0x7ff66fc59dbe?, 0x4?}, {0xc00007dc00?, 0x3?, 0x3?})
	C:/Users/yukin/go/pkg/mod/github.com/stretchr/testify@v1.11.1/mock/mock.go:359 +0x125
github.com/stretchr/testify/mock.(*Mock).MethodCalled(0xc000166a50, {0x7ff66fd2f5f0, 0xc}, {0xc0001cc150, 0x3, 0x3})
	C:/Users/yukin/go/pkg/mod/github.com/stretchr/testify@v1.11.1/mock/mock.go:507 +0x2a6
github.com/stretchr/testify/mock.(*Mock).Called(0xc000166a50, {0xc0001cc150, 0x3, 0x3})
	C:/Users/yukin/go/pkg/mod/github.com/stretchr/testify@v1.11.1/mock/mock.go:491 +0x125
Qingyu_backend/test/service/like.(*MockLikeRepository).GetLikeCount(0xc000166a50, {0x7ff66fccc9b8, 0x7ff66ff9cd00}, {0x7ff66fc3c8d6, 0x7}, {0xc00001bb48, 0x18})
	E:/Github/Qingyu/Qingyu_backend/test/service/like/like_service_test.go:170 +0x126
Qingyu_backend/service/reading.(*LikeService).publishLikeEvent(0xc000166af0, {0x7ff66fccc9b8, 0x7ff66ff9cd00}, {0x7ff66fc42004, 0x12}, {0xc00001bb30, 0x18}, {0x7ff66fc3c8d6, 0x7}, {0xc00001bb48, ...})
	E:/Github/Qingyu/Qingyu_backend/service/reading/like_service.go:341 +0xb3
Qingyu_backend/service/reading.(*LikeService).LikeComment(0xc000166af0, {0x7ff66fccc9b8, 0x7ff66ff9cd00}, {0xc00001bb30, 0x18}, {0xc00001bb48, 0x18})
	E:/Github/Qingyu/Qingyu_backend/service/reading/like_service.go:194 +0x273
Qingyu_backend/test/service/like.TestLikeServiceCommentInteraction.func3(0xc000183a40)
	E:/Github/Qingyu/Qingyu_backend/test/service/like/like_service_comprehensive_test.go:120 +0x28d
testing.tRunner(0xc000183a40, 0xc000166d20)
	C:/Program Files/Go/src/testing/testing.go:1934 +0xc3
created by testing.(*T).Run in goroutine 10
	C:/Program Files/Go/src/testing/testing.go:1997 +0x44b
FAIL	Qingyu_backend/test/service/like	2.823s
ok  	Qingyu_backend/test/service/project	0.563s
ok  	Qingyu_backend/test/service/reading	2.403s
ok  	Qingyu_backend/test/service/recommendation_test	1.629s
ok  	Qingyu_backend/test/service/shared	0.432s
ok  	Qingyu_backend/test/service/shared/auth	0.738s
ok  	Qingyu_backend/test/service/shared/stats	1.642s
?   	Qingyu_backend/test/testutil	[no test files]
FAIL
